# See scripts/run-contract.cjs.
# suite   = every test of contract/, measured with nothing filtered
# skipped = cases covered by contract-skip.txt (none)
# pass    = cases outside the list, all of which pass
# dynamic-skips = t.skip() calls inside the suite itself
suite=1343
skipped=0
pass=1342
dynamic-skips=1
